
> @aiwaretop/claw-router@2.0.0 test
> npx tsx --test test/*.test.ts

TAP version 13
# [claw-router] thresholds [0.5, 0.3, 0.7, 0.9] 必须严格递增，回退到默认值。
# [claw-router] 维度权重合计 1.1000 ≠ 1.0，建议调整。
# [claw-router] 模型 "test" 含无效 traits: [INVALID_TRAIT]。合法值: trivial, simple, moderate, complex, expert, coding, writing, chat, analysis, translation, math, research, other
# Subtest: resolveConfig — 默认值
    # Subtest: 无参数时返回默认配置
    ok 1 - 无参数时返回默认配置
      ---
      duration_ms: 2.4913
      type: 'test'
      ...
    # Subtest: 空对象时返回默认配置
    ok 2 - 空对象时返回默认配置
      ---
      duration_ms: 0.2703
      type: 'test'
      ...
    1..2
ok 1 - resolveConfig — 默认值
  ---
  duration_ms: 3.9916
  type: 'suite'
  ...
# Subtest: resolveConfig — 模型合并
    # Subtest: 用户模型 + 自动追加 default
    ok 1 - 用户模型 + 自动追加 default
      ---
      duration_ms: 0.2726
      type: 'test'
      ...
    # Subtest: 用户已含 default 则不重复追加
    ok 2 - 用户已含 default 则不重复追加
      ---
      duration_ms: 0.1656
      type: 'test'
      ...
    1..2
ok 2 - resolveConfig — 模型合并
  ---
  duration_ms: 0.7134
  type: 'suite'
  ...
# Subtest: resolveConfig — thresholds 校验
    # Subtest: 合法 thresholds 被采用
    ok 1 - 合法 thresholds 被采用
      ---
      duration_ms: 0.202
      type: 'test'
      ...
    # Subtest: 非递增 thresholds 回退默认值
    ok 2 - 非递增 thresholds 回退默认值
      ---
      duration_ms: 0.9507
      type: 'test'
      ...
    # Subtest: 长度不足 4 回退默认值
    ok 3 - 长度不足 4 回退默认值
      ---
      duration_ms: 0.4756
      type: 'test'
      ...
    1..3
ok 3 - resolveConfig — thresholds 校验
  ---
  duration_ms: 1.9606
  type: 'suite'
  ...
# Subtest: resolveConfig — weights 合并
    # Subtest: 部分覆盖，其余保持默认
    ok 1 - 部分覆盖，其余保持默认
      ---
      duration_ms: 0.3452
      type: 'test'
      ...
    1..1
ok 4 - resolveConfig — weights 合并
  ---
  duration_ms: 0.4962
  type: 'suite'
  ...
# Subtest: resolveConfig — traits 校验
    # Subtest: 含无效 trait 时不崩溃（仅输出警告）
    ok 1 - 含无效 trait 时不崩溃（仅输出警告）
      ---
      duration_ms: 0.4272
      type: 'test'
      ...
    1..1
ok 5 - resolveConfig — traits 校验
  ---
  duration_ms: 0.7254
  type: 'suite'
  ...
# [claw-router] LLM 评估失败: Error: 网络超时
#     at LlmScorer.mockInvokeErr (D:\\AIWareTop\\Agent\\claw-router\\test\\engine.test.ts:221:47)
#     at LlmScorer.evaluate (D:\\AIWareTop\\Agent\\claw-router\\src\\router\\llm-scorer.ts:94:35)
#     at TestContext.<anonymous> (D:\\AIWareTop\\Agent\\claw-router\\test\\engine.test.ts:223:28)
#     at Test.runInAsyncScope (node:async_hooks:214:14)
#     at Test.run (node:internal/test_runner/test:1047:25)
#     at Suite.processPendingSubtests (node:internal/test_runner/test:744:18)
#     at Test.postRun (node:internal/test_runner/test:1173:19)
#     at Test.run (node:internal/test_runner/test:1101:12)
#     at async Suite.processPendingSubtests (node:internal/test_runner/test:744:7)
# Subtest: Routing Engine — fixture tests
    # Subtest: [T01] Chinese greeting (2 chars) → TRIVIAL
    ok 1 - [T01] Chinese greeting (2 chars) → TRIVIAL
      ---
      duration_ms: 5.9053
      type: 'test'
      ...
    # Subtest: [T02] English greeting (2 chars) → TRIVIAL
    ok 2 - [T02] English greeting (2 chars) → TRIVIAL
      ---
      duration_ms: 1.0771
      type: 'test'
      ...
    # Subtest: [T03] Simple confirmation → TRIVIAL
    ok 3 - [T03] Simple confirmation → TRIVIAL
      ---
      duration_ms: 0.2576
      type: 'test'
      ...
    # Subtest: [T04] Single emoji → TRIVIAL
    ok 4 - [T04] Single emoji → TRIVIAL
      ---
      duration_ms: 0.2068
      type: 'test'
      ...
    # Subtest: [T05] Two-letter confirmation → TRIVIAL
    ok 5 - [T05] Two-letter confirmation → TRIVIAL
      ---
      duration_ms: 0.2504
      type: 'test'
      ...
    # Subtest: [T06] Simple thanks → TRIVIAL
    ok 6 - [T06] Simple thanks → TRIVIAL
      ---
      duration_ms: 0.2451
      type: 'test'
      ...
    # Subtest: [T07] English yes (3 chars) → TRIVIAL
    ok 7 - [T07] English yes (3 chars) → TRIVIAL
      ---
      duration_ms: 0.155
      type: 'test'
      ...
    # Subtest: [S01] Chinese weather query → SIMPLE
    ok 8 - [S01] Chinese weather query → SIMPLE
      ---
      duration_ms: 2.0897
      type: 'test'
      ...
    # Subtest: [S02] Simple translation request → SIMPLE
    ok 9 - [S02] Simple translation request → SIMPLE
      ---
      duration_ms: 1.0287
      type: 'test'
      ...
    # Subtest: [S03] Simple vocabulary question → SIMPLE
    ok 10 - [S03] Simple vocabulary question → SIMPLE
      ---
      duration_ms: 1.0487
      type: 'test'
      ...
    # Subtest: [S04] Simple factual question → SIMPLE
    ok 11 - [S04] Simple factual question → SIMPLE
      ---
      duration_ms: 0.3338
      type: 'test'
      ...
    # Subtest: [S05] Simple math calculation → SIMPLE
    ok 12 - [S05] Simple math calculation → SIMPLE
      ---
      duration_ms: 0.1992
      type: 'test'
      ...
    # Subtest: [S06] Simple definition request → SIMPLE
    ok 13 - [S06] Simple definition request → SIMPLE
      ---
      duration_ms: 0.2539
      type: 'test'
      ...
    # Subtest: [M01] Chinese article writing (creativity + output) → MODERATE
    ok 14 - [M01] Chinese article writing (creativity + output) → MODERATE
      ---
      duration_ms: 0.2234
      type: 'test'
      ...
    # Subtest: [M02] Framework comparison (domain + reasoning) → MODERATE
    ok 15 - [M02] Framework comparison (domain + reasoning) → MODERATE
      ---
      duration_ms: 0.2487
      type: 'test'
      ...
    # Subtest: [M03] Summarize + structured output → MODERATE
    ok 16 - [M03] Summarize + structured output → MODERATE
      ---
      duration_ms: 0.9141
      type: 'test'
      ...
    # Subtest: [M04] Blog post (creativity) → MODERATE
    ok 17 - [M04] Blog post (creativity) → MODERATE
      ---
      duration_ms: 0.2285
      type: 'test'
      ...
    # Subtest: [M05] Database comparison (tech + reasoning) → MODERATE
    ok 18 - [M05] Database comparison (tech + reasoning) → MODERATE
      ---
      duration_ms: 0.7703
      type: 'test'
      ...
    # Subtest: [M06] Chinese poem writing (creativity) → MODERATE
    ok 19 - [M06] Chinese poem writing (creativity) → MODERATE
      ---
      duration_ms: 0.2521
      type: 'test'
      ...
    # Subtest: [C01] Chinese multi-step coding task → COMPLEX
    ok 20 - [C01] Chinese multi-step coding task → COMPLEX
      ---
      duration_ms: 0.2638
      type: 'test'
      ...
    # Subtest: [C02] DSA implementation with tests → COMPLEX
    ok 21 - [C02] DSA implementation with tests → COMPLEX
      ---
      duration_ms: 0.2719
      type: 'test'
      ...
    # Subtest: [C03] 3 code blocks → override to COMPLEX → COMPLEX
    ok 22 - [C03] 3 code blocks → override to COMPLEX → COMPLEX
      ---
      duration_ms: 0.3579
      type: 'test'
      ...
    # Subtest: [C04] Concurrent algo implementation → COMPLEX
    ok 23 - [C04] Concurrent algo implementation → COMPLEX
      ---
      duration_ms: 0.2116
      type: 'test'
      ...
    # Subtest: [C05] Complex React component → COMPLEX
    ok 24 - [C05] Complex React component → COMPLEX
      ---
      duration_ms: 0.2426
      type: 'test'
      ...
    # Subtest: [C06] SQL optimization with code → COMPLEX
    ok 25 - [C06] SQL optimization with code → COMPLEX
      ---
      duration_ms: 0.2814
      type: 'test'
      ...
    # Subtest: [E01] Chinese "从零搭建" → override to EXPERT → EXPERT
    ok 26 - [E01] Chinese "从零搭建" → override to EXPERT → EXPERT
      ---
      duration_ms: 0.1809
      type: 'test'
      ...
    # Subtest: [E02] System design → override to EXPERT → EXPERT
    ok 27 - [E02] System design → override to EXPERT → EXPERT
      ---
      duration_ms: 0.1527
      type: 'test'
      ...
    # Subtest: [E03] Chinese 架构设计 → override → EXPERT
    ok 28 - [E03] Chinese 架构设计 → override → EXPERT
      ---
      duration_ms: 0.1178
      type: 'test'
      ...
    # Subtest: [E04] Formal proof + deep theoretical CS → EXPERT
    ok 29 - [E04] Formal proof + deep theoretical CS → EXPERT
      ---
      duration_ms: 0.3219
      type: 'test'
      ...
    # Subtest: [E05] Quantum computing deep analysis → EXPERT
    ok 30 - [E05] Quantum computing deep analysis → EXPERT
      ---
      duration_ms: 0.2727
      type: 'test'
      ...
    # Subtest: [X01] Empty message → TRIVIAL
    ok 31 - [X01] Empty message → TRIVIAL
      ---
      duration_ms: 0.1317
      type: 'test'
      ...
    # Subtest: [X02] Whitespace only → TRIVIAL
    ok 32 - [X02] Whitespace only → TRIVIAL
      ---
      duration_ms: 0.1234
      type: 'test'
      ...
    # Subtest: [X03] Mixed CN/EN with tech terms → MODERATE
    ok 33 - [X03] Mixed CN/EN with tech terms → MODERATE
      ---
      duration_ms: 0.4525
      type: 'test'
      ...
    # Subtest: [X04] Short tech word — hasTechToken prevents short override but still scores low → TRIVIAL
    ok 34 - [X04] Short tech word — hasTechToken prevents short override but still scores low → TRIVIAL
      ---
      duration_ms: 0.2574
      type: 'test'
      ...
    1..34
ok 6 - Routing Engine — fixture tests
  ---
  duration_ms: 21.1777
  type: 'suite'
  ...
# Subtest: Routing Engine — core properties
    # Subtest: latency < 5ms for typical message (no LLM)
    ok 1 - latency < 5ms for typical message (no LLM)
      ---
      duration_ms: 0.4591
      type: 'test'
      ...
    # Subtest: score is always 0–1
    ok 2 - score is always 0–1
      ---
      duration_ms: 0.7556
      type: 'test'
      ...
    # Subtest: longer/more complex messages score higher
    ok 3 - longer/more complex messages score higher
      ---
      duration_ms: 0.1866
      type: 'test'
      ...
    # Subtest: explicit /model is not routed (caller responsibility)
    ok 4 - explicit /model is not routed (caller responsibility)
      ---
      duration_ms: 0.2857
      type: 'test'
      ...
    # Subtest: custom config with models overrides defaults
    ok 5 - custom config with models overrides defaults
      ---
      duration_ms: 0.3259
      type: 'test'
      ...
    # Subtest: route decision includes matchSource
    ok 6 - route decision includes matchSource
      ---
      duration_ms: 0.2759
      type: 'test'
      ...
    # Subtest: route decision includes candidates array
    ok 7 - route decision includes candidates array
      ---
      duration_ms: 0.2548
      type: 'test'
      ...
    1..7
ok 7 - Routing Engine — core properties
  ---
  duration_ms: 2.9364
  type: 'suite'
  ...
# Subtest: isNearBoundary — 边界检测
    # Subtest: 分数正好在阈值上时返回 true
    ok 1 - 分数正好在阈值上时返回 true
      ---
      duration_ms: 0.2662
      type: 'test'
      ...
    # Subtest: 分数在阈值 ±0.08 内时返回 true
    ok 2 - 分数在阈值 ±0.08 内时返回 true
      ---
      duration_ms: 0.1346
      type: 'test'
      ...
    # Subtest: 分数远离所有阈值时返回 false
    ok 3 - 分数远离所有阈值时返回 false
      ---
      duration_ms: 0.1145
      type: 'test'
      ...
    # Subtest: 支持自定义 delta
    ok 4 - 支持自定义 delta
      ---
      duration_ms: 0.1478
      type: 'test'
      ...
    1..4
ok 8 - isNearBoundary — 边界检测
  ---
  duration_ms: 0.8266
  type: 'suite'
  ...
# Subtest: scoreOnly — 校准与评分
    # Subtest: 短消息评分低（但 sigmoid > 0）
    ok 1 - 短消息评分低（但 sigmoid > 0）
      ---
      duration_ms: 0.2066
      type: 'test'
      ...
    # Subtest: sigmoid 输出单调递增
    ok 2 - sigmoid 输出单调递增
      ---
      duration_ms: 0.3311
      type: 'test'
      ...
    # Subtest: sigmoid 输出为正数且小于 1
    ok 3 - sigmoid 输出为正数且小于 1
      ---
      duration_ms: 0.2221
      type: 'test'
      ...
    1..3
ok 9 - scoreOnly — 校准与评分
  ---
  duration_ms: 0.859
  type: 'suite'
  ...
# Subtest: LlmScorer — parseResponse & convertToScoreResult
    # Subtest: convertToScoreResult: TRIVIAL → calibrated ≈ 0.08
    ok 1 - convertToScoreResult: TRIVIAL → calibrated ≈ 0.08
      ---
      duration_ms: 0.2123
      type: 'test'
      ...
    # Subtest: convertToScoreResult: EXPERT → calibrated ≈ 0.88
    ok 2 - convertToScoreResult: EXPERT → calibrated ≈ 0.88
      ---
      duration_ms: 0.0856
      type: 'test'
      ...
    # Subtest: convertToScoreResult: 所有维度 raw 为 0
    ok 3 - convertToScoreResult: 所有维度 raw 为 0
      ---
      duration_ms: 0.0815
      type: 'test'
      ...
    # Subtest: evaluate: LLM 返回合法 JSON 时正确解析
    ok 4 - evaluate: LLM 返回合法 JSON 时正确解析
      ---
      duration_ms: 0.2565
      type: 'test'
      ...
    # Subtest: evaluate: LLM 返回非 JSON 时返回 null
    ok 5 - evaluate: LLM 返回非 JSON 时返回 null
      ---
      duration_ms: 0.1333
      type: 'test'
      ...
    # Subtest: evaluate: LLM 抛异常时返回 null（不会崩溃）
    ok 6 - evaluate: LLM 抛异常时返回 null（不会崩溃）
      ---
      duration_ms: 3.075
      type: 'test'
      ...
    # Subtest: evaluate: confidence 超出范围时 clamp 到 [0, 1]
    ok 7 - evaluate: confidence 超出范围时 clamp 到 [0, 1]
      ---
      duration_ms: 0.1419
      type: 'test'
      ...
    # Subtest: evaluate: 未识别的 tier 字符串回退到 SIMPLE
    ok 8 - evaluate: 未识别的 tier 字符串回退到 SIMPLE
      ---
      duration_ms: 0.1709
      type: 'test'
      ...
    # Subtest: evaluate: enabled=false 时直接返回 null
    ok 9 - evaluate: enabled=false 时直接返回 null
      ---
      duration_ms: 0.0821
      type: 'test'
      ...
    1..9
ok 10 - LlmScorer — parseResponse & convertToScoreResult
  ---
  duration_ms: 4.4432
  type: 'suite'
  ...
# Subtest: LlmScorer — arbitrate
    # Subtest: 仲裁返回合法 JSON 时正确解析
    ok 1 - 仲裁返回合法 JSON 时正确解析
      ---
      duration_ms: 0.3372
      type: 'test'
      ...
    # Subtest: 仲裁返回不在候选列表中的 model 时返回 null
    ok 2 - 仲裁返回不在候选列表中的 model 时返回 null
      ---
      duration_ms: 0.1772
      type: 'test'
      ...
    # Subtest: 仲裁 enabled=false 时返回 null
    ok 3 - 仲裁 enabled=false 时返回 null
      ---
      duration_ms: 0.0891
      type: 'test'
      ...
    1..3
ok 11 - LlmScorer — arbitrate
  ---
  duration_ms: 0.6909
  type: 'suite'
  ...
# Subtest: Routing — 边界消息行为
    # Subtest: 技术词免于 short override 规则但仍可能评分低
    ok 1 - 技术词免于 short override 规则但仍可能评分低
      ---
      duration_ms: 0.228
      type: 'test'
      ...
    # Subtest: 多个代码块触发 COMPLEX override
    ok 2 - 多个代码块触发 COMPLEX override
      ---
      duration_ms: 0.1668
      type: 'test'
      ...
    # Subtest: route 结果包含完整的维度信息
    ok 3 - route 结果包含完整的维度信息
      ---
      duration_ms: 0.2057
      type: 'test'
      ...
    # Subtest: default config 路由到 default 模型
    ok 4 - default config 路由到 default 模型
      ---
      duration_ms: 0.2343
      type: 'test'
      ...
    # Subtest: trait 匹配正确路由到配置的模型
    ok 5 - trait 匹配正确路由到配置的模型
      ---
      duration_ms: 0.5017
      type: 'test'
      ...
    1..5
ok 12 - Routing — 边界消息行为
  ---
  duration_ms: 1.4682
  type: 'suite'
  ...
# Subtest: Routing Engine — Context Awareness
    # Subtest: 应当为含有复杂历史背景对极短句提权
    ok 1 - 应当为含有复杂历史背景对极短句提权
      ---
      duration_ms: 0.6304
      type: 'test'
      ...
    # Subtest: 连续的短句（低复杂度）历史不应显著影响得分
    not ok 2 - 连续的短句（低复杂度）历史不应显著影响得分
      ---
      duration_ms: 0.8481
      type: 'test'
      location: 'D:\\AIWareTop\\Agent\\claw-router\\test\\engine.test.ts:2:17109'
      failureType: 'testCodeFailure'
      error: 'Score should barely move when history is completely trivial'
      code: 'ERR_ASSERTION'
      name: 'AssertionError'
      expected: true
      actual: false
      operator: '=='
      stack: |-
        TestContext.<anonymous> (D:\AIWareTop\Agent\claw-router\test\engine.test.ts:374:12)
        async Test.run (node:internal/test_runner/test:1054:7)
        async Suite.processPendingSubtests (node:internal/test_runner/test:744:7)
      ...
    1..2
not ok 13 - Routing Engine — Context Awareness
  ---
  duration_ms: 1.6016
  type: 'suite'
  location: 'D:\\AIWareTop\\Agent\\claw-router\\test\\engine.test.ts:2:16103'
  failureType: 'subtestsFailed'
  error: '1 subtest failed'
  code: 'ERR_TEST_FAILURE'
  ...
# Subtest: extractTraits — 特征提取
    # Subtest: Tier + TaskType 合并为 traits
    ok 1 - Tier + TaskType 合并为 traits
      ---
      duration_ms: 1.2336
      type: 'test'
      ...
    # Subtest: TaskType=OTHER 时只有 Tier
    ok 2 - TaskType=OTHER 时只有 Tier
      ---
      duration_ms: 0.1617
      type: 'test'
      ...
    # Subtest: TRIVIAL + chat
    ok 3 - TRIVIAL + chat
      ---
      duration_ms: 0.1452
      type: 'test'
      ...
    # Subtest: EXPERT + math
    ok 4 - EXPERT + math
      ---
      duration_ms: 0.117
      type: 'test'
      ...
    1..4
ok 14 - extractTraits — 特征提取
  ---
  duration_ms: 2.5832
  type: 'suite'
  ...
# Subtest: scoreModels — 模型评分
    # Subtest: 全匹配 → score = 1.0
    ok 1 - 全匹配 → score = 1.0
      ---
      duration_ms: 0.9183
      type: 'test'
      ...
    # Subtest: 部分匹配（Tier 邻近 + TaskType 匹配）
    ok 2 - 部分匹配（Tier 邻近 + TaskType 匹配）
      ---
      duration_ms: 0.27
      type: 'test'
      ...
    # Subtest: 零匹配 → score = 0
    ok 3 - 零匹配 → score = 0
      ---
      duration_ms: 0.4307
      type: 'test'
      ...
    # Subtest: 结果按分数降序排列
    ok 4 - 结果按分数降序排列
      ---
      duration_ms: 0.4384
      type: 'test'
      ...
    # Subtest: 同分时专精（traits 少的）模型排前面
    ok 5 - 同分时专精（traits 少的）模型排前面
      ---
      duration_ms: 0.27
      type: 'test'
      ...
    # Subtest: 大小写不敏感
    ok 6 - 大小写不敏感
      ---
      duration_ms: 0.3803
      type: 'test'
      ...
    # Subtest: 空 traits → 空结果
    ok 7 - 空 traits → 空结果
      ---
      duration_ms: 0.1193
      type: 'test'
      ...
    # Subtest: 空 models → 空结果
    ok 8 - 空 models → 空结果
      ---
      duration_ms: 0.0675
      type: 'test'
      ...
    # Subtest: 邻近 Tier 部分匹配：MODERATE 消息对声明 COMPLEX 的模型得分 > 0
    ok 9 - 邻近 Tier 部分匹配：MODERATE 消息对声明 COMPLEX 的模型得分 > 0
      ---
      duration_ms: 0.1118
      type: 'test'
      ...
    # Subtest: 远离 Tier 得分低：TRIVIAL 消息对 EXPERT 模型得分接近 0
    ok 10 - 远离 Tier 得分低：TRIVIAL 消息对 EXPERT 模型得分接近 0
      ---
      duration_ms: 0.0886
      type: 'test'
      ...
    1..10
ok 15 - scoreModels — 模型评分
  ---
  duration_ms: 3.6565
  type: 'suite'
  ...
# Subtest: selectModel — 模型选择
    # Subtest: 最高分唯一 → 直接选择，不需仲裁
    ok 1 - 最高分唯一 → 直接选择，不需仲裁
      ---
      duration_ms: 0.1985
      type: 'test'
      ...
    # Subtest: 多模型并列 → 需要仲裁
    ok 2 - 多模型并列 → 需要仲裁
      ---
      duration_ms: 0.1353
      type: 'test'
      ...
    # Subtest: 空候选 → 回退 default
    ok 3 - 空候选 → 回退 default
      ---
      duration_ms: 0.0968
      type: 'test'
      ...
    # Subtest: 所有候选 score=0 → 回退 default
    ok 4 - 所有候选 score=0 → 回退 default
      ---
      duration_ms: 0.0891
      type: 'test'
      ...
    # Subtest: 只有 default 模型命中 → 不需仲裁
    ok 5 - 只有 default 模型命中 → 不需仲裁
      ---
      duration_ms: 0.0753
      type: 'test'
      ...
    1..5
ok 16 - selectModel — 模型选择
  ---
  duration_ms: 0.7415
  type: 'suite'
  ...
# Subtest: Scorer — dimension scoring
    # Subtest: empty message produces near-zero scores
    ok 1 - empty message produces near-zero scores
      ---
      duration_ms: 2.6428
      type: 'test'
      ...
    # Subtest: code-heavy message scores high on codeTech
    ok 2 - code-heavy message scores high on codeTech
      ---
      duration_ms: 0.9189
      type: 'test'
      ...
    # Subtest: reasoning-heavy message scores high on reasoning
    ok 3 - reasoning-heavy message scores high on reasoning
      ---
      duration_ms: 0.8939
      type: 'test'
      ...
    # Subtest: creative message scores high on creativity
    ok 4 - creative message scores high on creativity
      ---
      duration_ms: 0.1919
      type: 'test'
      ...
    # Subtest: step-by-step message scores high on taskSteps
    ok 5 - step-by-step message scores high on taskSteps
      ---
      duration_ms: 0.3392
      type: 'test'
      ...
    # Subtest: domain-heavy message scores high on domainExpert
    ok 6 - domain-heavy message scores high on domainExpert
      ---
      duration_ms: 0.2804
      type: 'test'
      ...
    # Subtest: structured output request scores on outputComplex
    ok 7 - structured output request scores on outputComplex
      ---
      duration_ms: 0.1857
      type: 'test'
      ...
    # Subtest: long message scores high on messageLength
    ok 8 - long message scores high on messageLength
      ---
      duration_ms: 0.3645
      type: 'test'
      ...
    # Subtest: all dimension scores are 0–1
    ok 9 - all dimension scores are 0–1
      ---
      duration_ms: 0.707
      type: 'test'
      ...
    1..9
ok 17 - Scorer — dimension scoring
  ---
  duration_ms: 8.0381
  type: 'suite'
  ...
# Subtest: Overrides — hard rules
    # Subtest: short non-technical → TRIVIAL
    ok 1 - short non-technical → TRIVIAL
      ---
      duration_ms: 2.2886
      type: 'test'
      ...
    # Subtest: short tech word does NOT trigger trivial override
    ok 2 - short tech word does NOT trigger trivial override
      ---
      duration_ms: 0.8833
      type: 'test'
      ...
    # Subtest: 短代码围栏不触发 COMPLEX（代码量不足）
    ok 3 - 短代码围栏不触发 COMPLEX（代码量不足）
      ---
      duration_ms: 0.1947
      type: 'test'
      ...
    # Subtest: 多代码围栏 + 足量代码 → COMPLEX
    ok 4 - 多代码围栏 + 足量代码 → COMPLEX
      ---
      duration_ms: 0.1837
      type: 'test'
      ...
    # Subtest: 系统设计 → EXPERT
    ok 5 - 系统设计 → EXPERT
      ---
      duration_ms: 1.0748
      type: 'test'
      ...
    # Subtest: 从零搭建 → EXPERT
    ok 6 - 从零搭建 → EXPERT
      ---
      duration_ms: 0.1045
      type: 'test'
      ...
    # Subtest: system design (English) → EXPERT
    ok 7 - system design (English) → EXPERT
      ---
      duration_ms: 0.1607
      type: 'test'
      ...
    # Subtest: no override for normal message
    ok 8 - no override for normal message
      ---
      duration_ms: 0.1039
      type: 'test'
      ...
    1..8
ok 18 - Overrides — hard rules
  ---
  duration_ms: 5.2474
  type: 'suite'
  ...
# Subtest: Task Classifier — classifyTask
    # Subtest: 编程请求 → CODING
    ok 1 - 编程请求 → CODING
      ---
      duration_ms: 1.6246
      type: 'test'
      ...
    # Subtest: 调试请求 → CODING
    ok 2 - 调试请求 → CODING
      ---
      duration_ms: 0.253
      type: 'test'
      ...
    # Subtest: 英文编程请求 → CODING
    ok 3 - 英文编程请求 → CODING
      ---
      duration_ms: 0.1627
      type: 'test'
      ...
    # Subtest: 包含代码块 → CODING
    ok 4 - 包含代码块 → CODING
      ---
      duration_ms: 0.188
      type: 'test'
      ...
    # Subtest: 重构请求 → CODING
    ok 5 - 重构请求 → CODING
      ---
      duration_ms: 0.1468
      type: 'test'
      ...
    # Subtest: 写文章请求 → WRITING
    ok 6 - 写文章请求 → WRITING
      ---
      duration_ms: 0.1204
      type: 'test'
      ...
    # Subtest: 创作故事 → WRITING
    ok 7 - 创作故事 → WRITING
      ---
      duration_ms: 0.1586
      type: 'test'
      ...
    # Subtest: 英文写作请求 → WRITING
    ok 8 - 英文写作请求 → WRITING
      ---
      duration_ms: 0.1622
      type: 'test'
      ...
    # Subtest: 写诗 → WRITING
    ok 9 - 写诗 → WRITING
      ---
      duration_ms: 0.1988
      type: 'test'
      ...
    # Subtest: 问候 → CHAT
    ok 10 - 问候 → CHAT
      ---
      duration_ms: 0.2959
      type: 'test'
      ...
    # Subtest: 空消息 → CHAT
    ok 11 - 空消息 → CHAT
      ---
      duration_ms: 0.1209
      type: 'test'
      ...
    # Subtest: 英文问候 → CHAT
    ok 12 - 英文问候 → CHAT
      ---
      duration_ms: 0.8466
      type: 'test'
      ...
    # Subtest: 感谢 → CHAT
    ok 13 - 感谢 → CHAT
      ---
      duration_ms: 0.1718
      type: 'test'
      ...
    # Subtest: 分析请求 → ANALYSIS
    ok 14 - 分析请求 → ANALYSIS
      ---
      duration_ms: 0.1463
      type: 'test'
      ...
    # Subtest: 比较请求 → ANALYSIS
    ok 15 - 比较请求 → ANALYSIS
      ---
      duration_ms: 0.1508
      type: 'test'
      ...
    # Subtest: 英文分析请求 → ANALYSIS
    ok 16 - 英文分析请求 → ANALYSIS
      ---
      duration_ms: 0.2249
      type: 'test'
      ...
    # Subtest: 翻译请求 → TRANSLATION
    ok 17 - 翻译请求 → TRANSLATION
      ---
      duration_ms: 0.1535
      type: 'test'
      ...
    # Subtest: 英文翻译请求 → TRANSLATION
    ok 18 - 英文翻译请求 → TRANSLATION
      ---
      duration_ms: 0.1498
      type: 'test'
      ...
    # Subtest: 中译英 → TRANSLATION
    ok 19 - 中译英 → TRANSLATION
      ---
      duration_ms: 0.1403
      type: 'test'
      ...
    # Subtest: 简单事实问题 → OTHER
    ok 20 - 简单事实问题 → OTHER
      ---
      duration_ms: 0.1224
      type: 'test'
      ...
    # Subtest: 数学题 → MATH
    ok 21 - 数学题 → MATH
      ---
      duration_ms: 0.1302
      type: 'test'
      ...
    # Subtest: 概率统计 → MATH
    ok 22 - 概率统计 → MATH
      ---
      duration_ms: 0.142
      type: 'test'
      ...
    # Subtest: 论文调研 → RESEARCH
    ok 23 - 论文调研 → RESEARCH
      ---
      duration_ms: 0.1473
      type: 'test'
      ...
    # Subtest: 文献综述 → RESEARCH
    ok 24 - 文献综述 → RESEARCH
      ---
      duration_ms: 0.1493
      type: 'test'
      ...
    1..24
ok 19 - Task Classifier — classifyTask
  ---
  duration_ms: 7.5966
  type: 'suite'
  ...
# Subtest: Route Engine — trait-based model matching
    # Subtest: 未配置 models 时使用 default
    ok 1 - 未配置 models 时使用 default
      ---
      duration_ms: 7.0903
      type: 'test'
      ...
    # Subtest: 编程消息匹配 coding trait 模型
    ok 2 - 编程消息匹配 coding trait 模型
      ---
      duration_ms: 1.1651
      type: 'test'
      ...
    # Subtest: 写作消息匹配 writing trait 模型
    ok 3 - 写作消息匹配 writing trait 模型
      ---
      duration_ms: 0.4558
      type: 'test'
      ...
    # Subtest: 未匹配的任务类型回退到 default
    ok 4 - 未匹配的任务类型回退到 default
      ---
      duration_ms: 0.5358
      type: 'test'
      ...
    # Subtest: RouteDecision 始终包含 taskType 和 matchSource
    ok 5 - RouteDecision 始终包含 taskType 和 matchSource
      ---
      duration_ms: 1.1567
      type: 'test'
      ...
    1..5
ok 20 - Route Engine — trait-based model matching
  ---
  duration_ms: 10.5905
  type: 'suite'
  ...
1..20
# tests 141
# suites 20
# pass 140
# fail 1
# cancelled 0
# skipped 0
# todo 0
# duration_ms 353.5886
